SBY 11:02:17 [insn_add_ch0] Removing directory 'insn_add_ch0'.
SBY 11:02:17 [insn_add_ch0] Copy 'rvfi_insn_add.sv' to 'insn_add_ch0/src/rvfi_insn_add.sv'.
SBY 11:02:17 [insn_add_ch0] Copy 'democore.v' to 'insn_add_ch0/src/democore.v'.
SBY 11:02:17 [insn_add_ch0] engine_0: smtbmc boolector
SBY 11:02:17 [insn_add_ch0] base: starting process "cd insn_add_ch0/src; yosys -ql ../model/design.log ../model/design.ys"
SBY 11:02:19 [insn_add_ch0] base: finished (returncode=0)
SBY 11:02:19 [insn_add_ch0] smt2: starting process "cd insn_add_ch0/model; yosys -ql design_smt2.log design_smt2.ys"
SBY 11:02:21 [insn_add_ch0] smt2: finished (returncode=0)
SBY 11:02:21 [insn_add_ch0] engine_0: starting process "cd insn_add_ch0; yosys-smtbmc --presat --unroll -s boolector --noprogress -t 20 --append 0 --dump-vcd engine_0/trace.vcd model/design_smt2.smt2"
SBY 11:02:21 [insn_add_ch0] engine_0: ##   0:00:00  Solver: boolector
SBY 11:02:21 [insn_add_ch0] engine_0: ##   0:00:00  Checking assumptions in step 0..
SBY 11:02:21 [insn_add_ch0] engine_0: ##   0:00:00  Checking assertions in step 0..
SBY 11:02:22 [insn_add_ch0] engine_0: ##   0:00:01  Checking assumptions in step 10..
SBY 11:02:22 [insn_add_ch0] engine_0: ##   0:00:01  Checking assertions in step 10..
SBY 11:02:24 [insn_add_ch0] engine_0: ##   0:00:03  Checking assumptions in step 19..
SBY 11:02:24 [insn_add_ch0] engine_0: ##   0:00:03  Checking assertions in step 19..
SBY 11:02:24 [insn_add_ch0] engine_0: ##   0:00:03  Status: passed
SBY 11:02:24 [insn_add_ch0] engine_0: finished (returncode=0)
SBY 11:02:24 [insn_add_ch0] engine_0: Status returned by engine: pass
SBY 11:02:24 [insn_add_ch0] summary: Elapsed clock time [H:MM:SS (secs)]: 0:00:07 (7)
SBY 11:02:24 [insn_add_ch0] summary: Elapsed process time [H:MM:SS (secs)]: 0:00:09 (9)
SBY 11:02:24 [insn_add_ch0] summary: engine_0 (smtbmc boolector) returned pass
SBY 11:02:24 [insn_add_ch0] DONE (PASS, rc=0)
