SBY 11:04:58 [insn_sub_ch0] Removing directory 'insn_sub_ch0'.
SBY 11:04:58 [insn_sub_ch0] Copy 'rvfi_insn_sub.sv' to 'insn_sub_ch0/src/rvfi_insn_sub.sv'.
SBY 11:04:58 [insn_sub_ch0] engine_0: smtbmc boolector
SBY 11:04:58 [insn_sub_ch0] base: starting process "cd insn_sub_ch0/src; yosys -ql ../model/design.log ../model/design.ys"
SBY 11:05:00 [insn_sub_ch0] base: finished (returncode=0)
SBY 11:05:00 [insn_sub_ch0] smt2: starting process "cd insn_sub_ch0/model; yosys -ql design_smt2.log design_smt2.ys"
SBY 11:05:01 [insn_sub_ch0] smt2: finished (returncode=0)
SBY 11:05:01 [insn_sub_ch0] engine_0: starting process "cd insn_sub_ch0; yosys-smtbmc --presat --unroll -s boolector --noprogress -t 20 --append 0 --dump-vcd engine_0/trace.vcd model/design_smt2.smt2"
SBY 11:05:01 [insn_sub_ch0] engine_0: ##   0:00:00  Solver: boolector
SBY 11:05:01 [insn_sub_ch0] engine_0: ##   0:00:00  Checking assertions in step 0..
SBY 11:05:02 [insn_sub_ch0] engine_0: ##   0:00:01  Checking assertions in step 7..
SBY 11:05:02 [insn_sub_ch0] engine_0: ##   0:00:01  BMC failed!
SBY 11:05:02 [insn_sub_ch0] engine_0: ##   0:00:01  Assert failed in rvfi_insn_sub: rvfi_spec_check
SBY 11:05:02 [insn_sub_ch0] engine_0: ##   0:00:01  Writing trace to VCD file: engine_0/trace.vcd
SBY 11:05:02 [insn_sub_ch0] engine_0: ##   0:00:01  Status: failed
SBY 11:05:02 [insn_sub_ch0] engine_0: finished (returncode=1)
SBY 11:05:02 [insn_sub_ch0] engine_0: Status returned by engine: FAIL
SBY 11:05:02 [insn_sub_ch0] summary: Elapsed clock time [H:MM:SS (secs)]: 0:00:04 (4)
SBY 11:05:02 [insn_sub_ch0] summary: Elapsed process time [H:MM:SS (secs)]: 0:00:05 (5)
SBY 11:05:02 [insn_sub_ch0] summary: engine_0 (smtbmc boolector) returned FAIL
SBY 11:05:02 [insn_sub_ch0] summary: counterexample trace: insn_sub_ch0/engine_0/trace.vcd
SBY 11:05:02 [insn_sub_ch0] DONE (FAIL, rc=2)
